........................................................................ [ 43%]
........................................................................ [ 86%]
.................F.....                                                  [100%]
=================================== FAILURES ===================================
__________________ test_no_module_imports_another_test_module __________________

    def test_no_module_imports_another_test_module():
        """Blocking: production and tests may not import a test module."""
        scanned = list((ROOT / "tests").rglob("*.py")) + list((ROOT / "model_unfolder").rglob("*.py"))
        offenders: list[str] = []
        for path in scanned:
            if path.name == "test_isolation.py":
                continue
            offenders.extend(_offending_imports(path))
>       assert not offenders, (
            "test-module imports are forbidden (§16.1 fixture isolation); move the "
            "shared symbol into the top-level test_support package and import from "
            "there:\n" + "\n".join(offenders))
E       AssertionError: test-module imports are forbidden (§16.1 fixture isolation); move the shared symbol into the top-level test_support package and import from there:
E         test_s9_input_position_claims.py:12 from test_position_fixed import ...
E         test_s9_input_position_claims.py:13 from test_reader_claims import ...
E         test_s9_reader_declarations.py:11 from test_ffn_schedule import ...
E         test_s9_reader_declarations.py:89 from test_attention_mechanism import ...
E         test_s9_reader_declarations.py:173 from test_embedding_bookend import ...
E         test_s9_reader_declarations.py:205 from test_reader_claims import ...
E         test_s9_reader_declarations.py:213 from test_embedding_bookend import ...
E         test_s9_reader_declarations.py:230 from test_weight_tying import ...
E         test_s9_reader_declarations.py:117 from test_attention_geometry import ...
E         test_s9_reader_declarations.py:122 from test_position_relative_bias import ...
E         test_s9_reader_declarations.py:129 from test_cross_attention_replacement import ...
E         test_s9_reader_declarations.py:138 from test_position_absolute import ...
E         test_s9_reader_declarations.py:142 from test_mtp import ...
E         test_s9_projection_claim_requirements.py:44 from test_reader_claims import ...
E         test_s9_ffn_unbound.py:19 from test_attention_geometry import ...
E         test_s9_ffn_unbound.py:20 from test_ffn_mechanism import ...
E         test_s9_ffn_unbound.py:21 from test_reader_claims import ...
E         test_s9_reader_placement.py:14 from test_embedding_bookend import ...
E         test_s9_reader_placement.py:15 from test_reader_claims import ...
E         test_s9_reader_placement.py:176 from test_s7_reconciliation import ...
E         test_diffusion_reader_claims.py:13 from test_diffusion_config_binding import ...
E         test_diffusion_reader_claims.py:109 from test_diffusion_config_binding import ...
E         test_s9_config_annotation_mro.py:92 from test_s9_class_default_value import ...
E         test_s9_operand_channels.py:66 from test_ffn_mechanism import ...
E         test_s9_limited_document.py:17 from test_reader_claims import ...
E         test_s9_norm_claims.py:12 from test_decoder_norm import ...
E         test_s9_norm_claims.py:13 from test_embedding_bookend import ...
E         test_s9_norm_claims.py:14 from test_reader_claims import ...
E         test_s9_fact_unknowns.py:15 from test_embedding_bookend import ...
E         test_s9_fact_unknowns.py:129 from test_embedding_bookend import ...
E         test_s9_fact_unknowns.py:237 from test_embedding_bookend import ...
E         test_s9_registered_default_events.py:14 from test_diffusion_config_binding import ...
E         test_s9_presentation_chips.py:21 from test_portable_claim_summary import ...
E         test_s9_presentation_chips.py:28 from test_s9_fact_unknowns import ...
E         test_s7_reconciliation.py:632 from test_s9_fact_unknowns import ...
E         test_s7_reconciliation.py:974 from test_diffusion_reader_claims import ...
E         test_reader_claims.py:16 from test_embedding_bookend import ...
E         test_reader_claims.py:198 from test_cell_topology import ...
E         test_reader_claims.py:252 from test_position_schedule import ...
E         test_reader_claims.py:273 from test_position_initialization import ...
E         test_reader_claims.py:312 from test_position_linear_bias import ...
E         test_reader_claims.py:342 from test_position_linear_bias import ...
E         test_reader_claims.py:357 from test_ffn_schedule import ...
E         test_reader_claims.py:392 from test_attention_sinks import ...
E         test_reader_claims.py:409 from test_attention_clip import ...
E         test_reader_claims.py:426 from test_ffn_schedule import ...
E         test_reader_claims.py:448 from test_program_index import ...
E         test_reader_claims.py:468 from test_ffn_schedule import ...
E         test_reader_claims.py:489 from test_ffn_schedule import ...
E         test_reader_claims.py:523 from test_ffn_schedule import ...
E         test_reader_claims.py:640 from test_ffn_schedule import ...
E         test_reader_claims.py:753 from test_attention_mechanism import ...
E         test_reader_claims.py:778 from test_attention_mechanism import ...
E         test_reader_claims.py:846 from test_ffn_mechanism import ...
E         test_reader_claims.py:902 from test_attention_mechanism import ...
E         test_reader_claims.py:220 from test_mixer_schedule import ...
E         test_reader_claims.py:223 from test_ffn_schedule import ...
E         test_reader_claims.py:314 from test_cross_attention_schedule import ...
E         test_s9_attention_event_association.py:16 from test_attention_geometry import ...
E         test_s9_attention_event_association.py:139 from test_ffn_mechanism import ...
E         test_s9_diffusion_defaults.py:14 from test_diffusion_config_binding import ...
E       assert not ['test_s9_input_position_claims.py:12 from test_position_fixed import ...', 'test_s9_input_position_claims.py:13 from ... from test_embedding_bookend import ...', 'test_s9_reader_declarations.py:205 from test_reader_claims import ...', ...]

tests/test_isolation.py:60: AssertionError
=========================== short test summary info ============================
FAILED tests/test_isolation.py::test_no_module_imports_another_test_module - ...
1 failed, 166 passed in 198.71s (0:03:18)
