FF.....................................F................................ [ 23%]
........................................................................ [ 47%]
........................................................................ [ 70%]
........................................................................ [ 94%]
............FFF..                                                        [100%]
=================================== FAILURES ===================================
_ test_exact_constructed_child_literal_is_qualified_without_root_borrowing[False] _

tmp_path = PosixPath('/private/var/folders/9_/b8s3b2qx4l7f5m01hyh6kcq00000gn/T/pytest-of-soumil/pytest-37/test_exact_constructed_child_l0')
factory = False

    @pytest.mark.parametrize('factory', [False, True])
    def test_exact_constructed_child_literal_is_qualified_without_root_borrowing(tmp_path, factory):
        result, index, document, _ = _child(tmp_path, factory=factory)
>       assert result.status == 'resolved', result.failures
E       AssertionError: (ReaderFailure(kind='unsupported_syntax', detail='no exact own-class hidden-size literal default for this selected document/absence', span=None),)
E       assert 'failed' == 'resolved'
E         
E         - resolved
E         + failed

tests/test_s9_child_class_default.py:50: AssertionError
_ test_exact_constructed_child_literal_is_qualified_without_root_borrowing[True] _

tmp_path = PosixPath('/private/var/folders/9_/b8s3b2qx4l7f5m01hyh6kcq00000gn/T/pytest-of-soumil/pytest-37/test_exact_constructed_child_l1')
factory = True

    @pytest.mark.parametrize('factory', [False, True])
    def test_exact_constructed_child_literal_is_qualified_without_root_borrowing(tmp_path, factory):
        result, index, document, _ = _child(tmp_path, factory=factory)
>       assert result.status == 'resolved', result.failures
E       AssertionError: (ReaderFailure(kind='unsupported_syntax', detail='no exact own-class hidden-size literal default for this selected document/absence', span=None),)
E       assert 'failed' == 'resolved'
E         
E         - resolved
E         + failed

tests/test_s9_child_class_default.py:50: AssertionError
_______ test_unrelated_root_scalar_write_does_not_replace_child_default ________

tmp_path = PosixPath('/private/var/folders/9_/b8s3b2qx4l7f5m01hyh6kcq00000gn/T/pytest-of-soumil/pytest-37/test_unrelated_root_scalar_wri0')

    def test_unrelated_root_scalar_write_does_not_replace_child_default(tmp_path):
        result, index, document, _ = _child(tmp_path, before='        config.hidden_size = 32\n')
>       assert result.status == 'resolved', result.failures
E       AssertionError: (ReaderFailure(kind='unsupported_syntax', detail='no exact own-class hidden-size literal default for this selected document/absence', span=None),)
E       assert 'failed' == 'resolved'
E         
E         - resolved
E         + failed

tests/test_s9_child_class_default.py:113: AssertionError
_________ test_expanded_json_completes_qwen2_audio_sparse_text_config __________

    def test_expanded_json_completes_qwen2_audio_sparse_text_config():
        data = unfold(QWEN2_AUDIO_SPARSE_CONFIG, return_json=True)
    
>       assert data["dimensions"]["hidden_size"] == 4096
               ^^^^^^^^^^^^^^^^^^^^^^^^^^^^^^^^^
E       KeyError: 'hidden_size'

tests/test_expanded_json.py:327: KeyError
____ test_qwen2_audio_sparse_text_config_keeps_only_source_bound_structure _____

    def test_qwen2_audio_sparse_text_config_keeps_only_source_bound_structure():
        d = unfold(QWEN2_AUDIO_SPARSE_CONFIG)
        ir = d.to_ir()
    
        shipped = {
            "Unresolved evidence — "
            f"{row['check']} evidence unresolved: {row['message']}"
            for row in ir["extras"].get("ship_findings", [])
        }
>       assert all(warning.startswith("Unresolved code-defined facts")
                   or warning in shipped for warning in ir["warnings"])
E       assert False
E        +  where False = all(<generator object test_qwen2_audio_sparse_text_config_keeps_only_source_bound_structure.<locals>.<genexpr> at 0x15fe83140>)

tests/test_smoke.py:1448: AssertionError
_________ test_qwen2_audio_code_evidence_does_not_mark_config_partial __________

    def test_qwen2_audio_code_evidence_does_not_mark_config_partial():
        d = unfold(QWEN2_AUDIO_SPARSE_CONFIG, inspect_code=True)
        ir = d.to_ir()
    
        shipped = {
            "Unresolved evidence — "
            f"{row['check']} evidence unresolved: {row['message']}"
            for row in ir["extras"].get("ship_findings", [])
        }
>       assert all(warning.startswith("Unresolved code-defined facts")
                   or warning in shipped for warning in ir["warnings"])
E       assert False
E        +  where False = all(<generator object test_qwen2_audio_code_evidence_does_not_mark_config_partial.<locals>.<genexpr> at 0x15fe83140>)

tests/test_smoke.py:1491: AssertionError
=========================== short test summary info ============================
FAILED tests/test_s9_child_class_default.py::test_exact_constructed_child_literal_is_qualified_without_root_borrowing[False]
FAILED tests/test_s9_child_class_default.py::test_exact_constructed_child_literal_is_qualified_without_root_borrowing[True]
FAILED tests/test_s9_child_class_default.py::test_unrelated_root_scalar_write_does_not_replace_child_default
FAILED tests/test_expanded_json.py::test_expanded_json_completes_qwen2_audio_sparse_text_config
FAILED tests/test_smoke.py::test_qwen2_audio_sparse_text_config_keeps_only_source_bound_structure
FAILED tests/test_smoke.py::test_qwen2_audio_code_evidence_does_not_mark_config_partial
6 failed, 299 passed in 96.73s (0:01:36)
