...........................................F............................ [ 45%]
........................................................................ [ 90%]
................                                                         [100%]
=================================== FAILURES ===================================
_________________________ test_sable_regression_corpus _________________________

    def test_sable_regression_corpus():
        """Every blessed model retains its SVG lock.  Old blessings newly invalidated
        by exact source attribution stay pinned as explicit unresolved debt; they are
        not silently re-blessed without a fresh Dable review."""
        # Unit 10 (2026-07-03) resolved the last pinned unresolved debt: the UNet
        # string-factory (get_down_block) is followed generally now, so NO fixture
        # may carry unresolved nested-conformance findings.
        expected_unresolved: dict[str, set] = {}
        corpus = load_corpus()
        if not corpus:
            pytest.skip("no blessed models in the corpus yet")
        for filename, fixture in corpus:
            drift = check_regression(fixture)
            expected = expected_unresolved.get(filename, set())
            actual_expected = {
                view for view in expected
                if any(item.startswith(f"nested_conformance: {view}: no code unit resolved")
                       for item in drift)
            }
            unexpected = [item for item in drift
                          if not any(item.startswith(
                              f"nested_conformance: {view}: no code unit resolved"
                          ) for view in expected)]
            assert actual_expected == expected, f"{filename} lost pinned unresolved coverage: {drift}"
>           assert unexpected == [], f"{filename} regressed:\n  " + "\n  ".join(unexpected)
E           AssertionError: bloom.json regressed:
E               view drift: 4 locked view(s) -> 4 now — the diagram changed; re-review the gallery and re-bless if intended.
E               labeled view drift — a view label or its exact SVG changed; re-review and re-bless if intended
E           assert ['view drift:... if intended'] == []
E             
E             Left contains 2 more items, first extra item: 'view drift: 4 locked view(s) -> 4 now — the diagram changed; re-review the gallery and re-bless if intended.'
E             Use -v to get more diff

tests/test_sable.py:766: AssertionError
=========================== short test summary info ============================
FAILED tests/test_sable.py::test_sable_regression_corpus - AssertionError: bl...
1 failed, 159 passed in 576.85s (0:09:36)
