........................................................................ [ 44%]
........................................................................ [ 89%]
...F.............                                                        [100%]
=================================== FAILURES ===================================
_____________ test_every_registered_view_is_exercised_and_couples ______________

    def test_every_registered_view_is_exercised_and_couples():
        exercised: set[str] = set()
        orig = reg.render_view
    
        def _record(ctx, block):
            v = reg.view_key(block)
            if v:
                exercised.add(v)
            return orig(ctx, block)
    
        reg.render_view = _record
        try:
            for name, cfg in CORPUS.items():
                html = unfold(cfg).to_html(standalone=True)
                problems = validate_click_coupling(html)
                assert problems == [], f"{name}: recursive coupling broken:\n  " + "\n  ".join(problems)
        finally:
            reg.render_view = orig
    
        registered = {k for k in reg.VIEW_REGISTRY if k}
        missing = registered - exercised - _FALLBACK_VIEWS
>       assert not missing, (
            "registered views never exercised by the corpus (a forgotten/dead drill can "
            f"hide a broken layout here — add a model that renders it): {sorted(missing)}"
        )
E       AssertionError: registered views never exercised by the corpus (a forgotten/dead drill can hide a broken layout here — add a model that renders it): ['encoded_text_concat', 'runtime_cell_connections', 'runtime_context_connection', 'runtime_ffn', 'runtime_port_route', 'runtime_stage_connections', 'unet', 'unet_constructed', 'unet_resnet', 'unet_stage', 'unet_transformer']
E       assert not {'encoded_text_concat', 'runtime_cell_connections', 'runtime_context_connection', 'runtime_ffn', 'runtime_port_route', 'runtime_stage_connections', ...}

tests/test_coverage.py:78: AssertionError
----------------------------- Captured stderr call -----------------------------
[transformers] Last layer must use `full_attention`, but got `sliding_attention`. Forcing last layer to `full_attention`.
[transformers] Last layer must use `full_attention`, but got `sliding_attention`. Forcing last layer to `full_attention`.
[transformers] Model config: bos_token_id must be `None` or an integer within the vocabulary (between 0 and 999), got 151643. This may result in unexpected behavior.
[transformers] Model config: eos_token_id must be `None` or an integer within the vocabulary (between 0 and 999), got 151645. This may result in unexpected behavior.
=========================== short test summary info ============================
FAILED tests/test_coverage.py::test_every_registered_view_is_exercised_and_couples
1 failed, 160 passed in 388.27s (0:06:28)
